[学期] 2610: 可访问，49 个本科学科
[爬取学期] 2610
[学科列表] ACCT, AISC, AMCC, BIBU, BIEN, CENG, CHEM, CIVL, COMP, CPEG, DASC, DSCT, ECON, ELEC, EMIA, ENEG, ENGG, ENTR, ENVR, FINA, GBUS, GNED, HLTH, HMAW, HUMA, IEDA, IIMP, ISDN, ISOM, LANG, LIFS, MARK, MATH, MECH, MGMT, OCES, PHYS, PPOL, RMBI, SBMT, SCIE, SHSS, SOSC, SUST, TEMG, UPOP, UROP, UTOP, WBBA
[1/49] ACCT: 24 门；累计 24
[2/49] AISC: 3 门；累计 27
[3/49] AMCC: 17 门；累计 44
[4/49] BIBU: 3 门；累计 47
[5/49] BIEN: 17 门；累计 64
[6/49] CENG: 26 门；累计 90
[7/49] CHEM: 41 门；累计 131
[8/49] CIVL: 52 门；累计 183
[9/49] COMP: 76 门；累计 259
[10/49] CPEG: 9 门；累计 268
[11/49] DASC: 6 门；累计 274
[12/49] DSCT: 1 门；累计 275
[13/49] ECON: 47 门；累计 322
[14/49] ELEC: 59 门；累计 381
[15/49] EMIA: 11 门；累计 392
[16/49] ENEG: 5 门；累计 397
[17/49] ENGG: 17 门；累计 414
[18/49] ENTR: 4 门；累计 418
[19/49] ENVR: 29 门；累计 447
[20/49] FINA: 49 门；累计 496
[21/49] GBUS: 5 门；累计 501
[22/49] GNED: 1 门；累计 502
[23/49] HLTH: 1 门；累计 503
[24/49] HMAW: 5 门；累计 508
[25/49] HUMA: 67 门；累计 575
[26/49] IEDA: 27 门；累计 602
[27/49] IIMP: 5 门；累计 607
[28/49] ISDN: 30 门；累计 637
[29/49] ISOM: 79 门；累计 716
[30/49] LANG: 56 门；累计 772
[31/49] LIFS: 46 门；累计 818
[32/49] MARK: 27 门；累计 845
[33/49] MATH: 75 门；累计 920
[34/49] MECH: 38 门；累计 958
[35/49] MGMT: 41 门；累计 999
[36/49] OCES: 24 门；累计 1023
[37/49] PHYS: 44 门；累计 1067
[38/49] PPOL: 29 门；累计 1096
[39/49] RMBI: 4 门；累计 1100
[40/49] SBMT: 25 门；累计 1125
[41/49] SCIE: 6 门；累计 1131
[42/49] SHSS: 2 门；累计 1133
[43/49] SOSC: 44 门；累计 1177
[44/49] SUST: 3 门；累计 1180
[45/49] TEMG: 5 门；累计 1185
[46/49] UPOP: 1 门；累计 1186
[47/49] UROP: 5 门；累计 1191
[48/49] UTOP: 1 门；累计 1192
[49/49] WBBA: 3 门；累计 1195
[后处理] 307 个引用课程不在本次数据库中: ACCT3020, ACCT3630, ACCT5150, AESF5210, AESF5390, AESF5930, AISC2920, ARIN5103, BIEN2310, BIEN2410, BIEN2990, BIEN4310, CBME5920, CENG1110, CENG1600, CENG2210, CENG2320, CENG3110, CENG3150, CENG3950, CENG4980, CENG5840, CENG6800, CHEM1004, CHEM1010, CHEM1052, CHEM2155, CHEM2311, CHEM2350, CHEM2355, CHEM2409, CHEM2450, CHEM3120, CHEM3220, CHEM3420, CHEM3550, CHEM3555, CHEM6770, CHEM6771, CIEM5410, CIEM5620, CIVL1121, CIVL1170, CIVL2120, CIVL2170, CIVL2410, CIVL2510, CIVL3420, CIVL3610, CIVL3740, CIVL4330, CIVL5370, CIVL5830, CIVL5840, COMP1001, COMP1022P, COMP1022Q, COMP3021, COMP3311, COMP3633, COMP3711H, COMP4621, COMP5221, COMP5631, CORE1120, CORE1330, CORE1340, CORE1360, CORE1371, CORE1373, CORE1501, CORE1571, CORE1572, CORE1574, CORE1601, CORE1603, CORE1631, CORE1632, CORE1651, CORE1666, CORE1668, CORE1669, CORE1780, CORE1840, CORE2502, CORE2523, CORE2526, CORE2555, CORE2573, CORE2632, CORE2633, CORE2634, CORE2654, CORE2740, CORE2941, CORE3501, CORE3502, CORE3573, CORE3574, CORE3730, CORE3863, CSIT5210, CSIT5400, CSIT5910, CSIT5940, DASC2020, DASC2110, DASC2220, ECON3113, ECON3123, ECON3700, ECON4254, ECON5104, ECON5260, ECON5300, ECON5350, ECON5351, ECON6950, EEMT5300, EESM5120, EESM5536, ELEC2600H, ELEC3130, ELEC4610, ELEC4830, ELEC5070, ENEG1700, ENEG3910, ENVR1170, ENVR6050, ENVS6770, FINA4810, FINA4814, FINA6910K, FINA6910Q, FINA6910R, FINA7900A, FINA7900B, GBUS2010, GNED2520, HMMA5002, HMMA5007, HMMA6200, HUMA1103, HUMA1720, HUMA1930, HUMA3030, IDPO1010, IEDA2010, IEDA2540, IEDA3180, IEDA3450, IEDA3560, IEDA4100, IEDA4130, IEDA4990, IEDA5170, IIMP4970, IIMP4980, IIMP4990, IMBA5020, IMBA5030, IMBA5040, IMBA5050, IMBA5060, IMBA5070, IMBA5090, IMBA5100, IMBA5110, IMBA5120, ISDN1002, ISDN1006, ISDN1007, ISDN2400, ISDN4000D, ISDN4000F, ISOM2040, ISOM3780, ISOM4380, ISOM5520, ISOM5530, ISOM5770, ISOM5800, JEVE5410, LABU2040, LABU2060, LANG1002, LANG1003, LANG1011, LANG1117, LANG1120, LANG1121, LANG1122, LANG1123, LANG1124, LANG1125, LANG1126, LANG1127, LANG1401, LANG1403, LANG1404, LANG1408, LANG1409, LANG1411, LANG1412, LANG1413, LANG1414, LANG1415, LANG1416, LANG1424, LANG2010, LANG2030, LANG3025, LANG4033, LANG4070, LANG5001, LANG5002, LANG5010, LANG5071, LANG5080, LANG5081, LIFS1030, LIFS2220, LIFS2240, LIFS3150, LIFS4820, MAFS5010, MAIE5212, MASS5010, MASS5020, MATH1012, MATH1024, MATH2031, MATH2043, MATH2343, MATH2352, MATH2431, MATH3131, MATH3322, MATH3424, MATH3425, MATH4321, MATH4336, MATH4512, MATH4514, MATH4824B, MATH4991, MATH5143, MATH5471, MATH6770, MECH1907, MECH2040, MECH2210, MECH2410, MECH5930, MESF5010, MESF5210, MESF5430, MESF5930, MGCS5001, MGCS5010, MGMT5540, MGMT5770, MGMT5890, MGMT5970, MGMT5990, MGMT6501A, MIMT5010, MIMT5310, MIMT5350, MIMT5560, MIMT6200, MSBD5002, MSBD5012, NANO5130, NANO5250, NANO5350, OCES6011, PHYS1006, PHYS1314, PHYS2124, PHYS3036, PHYS3037, PHYS3040, PHYS3071, PHYS3090, PHYS3142, PHYS6000, PHYS6770, PPOL5351, PPOL6100U, SCIE1500, SCIE2500, SHSS4993, SISP1709, SOSC1100, SOSC1110, SOSC1359, SOSC1850, SOSC1969, SOSC1980, SOSC5770, UROP1100, UROP2100, UROP3100, UTOP2910, WBBA2080
[完成] 1195 门课程 → BuildDB/CoursesDB_20260907.json
